main.c:115:5:main	16	static
main.c:201:6:SystemClock_Config	72	static
main.c:239:13:MX_I2C2_Init	8	static
main.c:273:13:timerPostInit	24	static
main.c:290:13:MX_TIM2_Init	64	static
main.c:349:13:MX_USART1_UART_Init	8	static
main.c:380:13:MX_DMA_Init	16	static
main.c:398:13:MX_GPIO_Init	40	static
main.c:420:6:initIMU	32	static
main.c:454:6:debugLED	24	static
main.c:482:6:readIMUAccel	32	static
main.c:505:6:readIMUGyro	32	static
main.c:528:6:HAL_UART_TxCpltCallback	16	static
main.c:540:6:pidStart	24	static
main.c:578:6:startGps	16	static
main.c:600:6:HAL_TIM_PeriodElapsedCallback	16	static
main.c:617:6:Error_Handler	4	static
